命令稿啟動於 2018年03月16日 上午 12:53:45
]0;~
[32muser@NB1024 [33m~[0m
$ whoami;pwd
user
/home/user
]0;~
[32muser@NB1024 [33m~[0m
$ git config -l
user.name=Chang-Yu-Ling
core.repositoryformatversion=0
core.filemode=true
core.bare=false
core.logallrefupdates=true
core.ignorecase=true
remote.123.url=https://github.com/Chang-Yu-Ling/lab1.git
remote.123.fetch=+refs/heads/*:refs/remotes/123/*
]0;~
[32muser@NB1024 [33m~[0m
$ git clone https://git [Khub.com/Chang-Yu-LIN[K[King/lab.git
Cloning into 'lab'...
Username for 'https://github.com': 
Password for 'https://[A[B[A[B[A[B[B[A[B@github.com': 
remote: Invalid username or password.
fatal: Authentication failed for 'https://github.com/Chang-Yu-Ling/lab.git/'
]0;~
[32muser@NB1024 [33m~[0m
$ git clong[Ke https://github.com/Chang-Yu-Ling/lab1.git
fatal: destination path 'lab1' already exists and is not an empty directory.
]0;~
[32muser@NB1024 [33m~[0m
$ git config -l
user.name=Chang-Yu-Ling
core.repositoryformatversion=0
core.filemode=true
core.bare=false
core.logallrefupdates=true
core.ignorecase=true
remote.123.url=https://github.com/Chang-Yu-Ling/lab1.git
remote.123.fetch=+refs/heads/*:refs/remotes/123/*
]0;~
[32muser@NB1024 [33m~[0m
$ git clone https://github.com/Chang-Yu-LIN[K[KI[King/lab1.git
fatal: destination path 'lab1' already exists and is not an empty directory.
]0;~
[32muser@NB1024 [33m~[0m
$ exit

命令稿已於 2018年03月16日 上午 01:05:53
 完成